2026-09-18 02:56:49 [ERROR] service.TransactionService - Transfer of 100.00 from account 15 rejected — insufficient funds
2026-09-18 02:56:49 [ERROR] service.TransactionService - Transfer from 15 to 16 failed and was rolled back: Insufficient funds
2026-09-18 02:56:49 [INFO] service.TransactionService - Deposit of 100.00 succeeded for account 17
2026-09-18 02:56:49 [ERROR] service.TransactionService - Withdrawal of 200.00 rejected for account 19 — insufficient funds
2026-09-18 02:56:49 [INFO] service.TransactionService - Withdrawal of 100.00 succeeded for account 20
2026-09-18 02:56:49 [INFO] service.TransactionService - Transfer of 30.00 from account 21 to 22 succeeded
2026-09-18 02:57:41 [INFO] service.AccountService - Account 32 logged in successfully
2026-09-18 02:57:41 [ERROR] service.AccountService - Failed login attempt for account 33 — incorrect PIN
2026-09-18 02:57:41 [ERROR] service.TransactionService - Transfer of 100.00 from account 34 rejected — insufficient funds
2026-09-18 02:57:41 [ERROR] service.TransactionService - Transfer from 34 to 35 failed and was rolled back: Insufficient funds
2026-09-18 02:57:41 [INFO] service.TransactionService - Deposit of 100.00 succeeded for account 36
2026-09-18 02:57:42 [ERROR] service.TransactionService - Withdrawal of 200.00 rejected for account 38 — insufficient funds
2026-09-18 02:57:42 [INFO] service.TransactionService - Withdrawal of 100.00 succeeded for account 39
2026-09-18 02:57:42 [INFO] service.TransactionService - Transfer of 30.00 from account 40 to 41 succeeded
2026-09-18 03:03:04 [INFO] service.AccountService - Account 51 logged in successfully
2026-09-18 03:03:04 [ERROR] service.AccountService - Failed login attempt for account 52 — incorrect PIN
2026-09-18 03:03:04 [ERROR] service.TransactionService - Transfer of 100.00 from account 53 rejected — insufficient funds
2026-09-18 03:03:04 [ERROR] service.TransactionService - Transfer from 53 to 54 failed and was rolled back: Insufficient funds
2026-09-18 03:03:05 [INFO] service.TransactionService - Deposit of 100.00 succeeded for account 55
2026-09-18 03:03:05 [ERROR] service.TransactionService - Withdrawal of 200.00 rejected for account 57 — insufficient funds
2026-09-18 03:03:05 [INFO] service.TransactionService - Withdrawal of 100.00 succeeded for account 58
2026-09-18 03:03:05 [INFO] service.TransactionService - Transfer of 30.00 from account 59 to 60 succeeded
2026-09-18 03:12:21 [INFO] service.AccountService - Account 70 logged in successfully
2026-09-18 03:12:21 [ERROR] service.AccountService - Failed login attempt for account 71 — incorrect PIN
2026-09-18 03:12:21 [ERROR] service.TransactionService - Transfer of 100.00 from account 72 rejected — insufficient funds
2026-09-18 03:12:21 [ERROR] service.TransactionService - Transfer from 72 to 73 failed and was rolled back: Insufficient funds
2026-09-18 03:12:21 [INFO] service.TransactionService - Deposit of 100.00 succeeded for account 74
2026-09-18 03:12:21 [ERROR] service.TransactionService - Withdrawal of 200.00 rejected for account 76 — insufficient funds
2026-09-18 03:12:22 [INFO] service.TransactionService - Withdrawal of 100.00 succeeded for account 77
2026-09-18 03:12:22 [INFO] service.TransactionService - Transfer of 30.00 from account 78 to 79 succeeded
2026-09-18 03:14:08 [INFO] service.AccountService - Account 80 logged in successfully
2026-09-18 03:14:31 [INFO] service.TransactionService - Deposit of 50 succeeded for account 80
2026-09-18 03:14:46 [INFO] service.TransactionService - Withdrawal of 500 succeeded for account 80
2026-09-18 03:15:06 [ERROR] service.TransactionService - Transfer from 80 to 1 failed and was rolled back: Account not found
2026-09-18 03:15:31 [INFO] service.TransactionService - Transfer of 333 from account 80 to 3 succeeded
